// Jest Snapshot v1, https://goo.gl/fbAQLP

exports[`AccommodationImages should render 1`] = `ShallowWrapper {}`;
